2026-08-06T05:41:46Z INF Thank you for trying Cloudflare Tunnel. Doing so, without a Cloudflare account, is a quick way to experiment and try it out. However, be aware that these account-less Tunnels have no uptime guarantee, are subject to the Cloudflare Online Services Terms of Use (https://www.cloudflare.com/website-terms/), and Cloudflare reserves the right to investigate your use of Tunnels for violations of such terms. If you intend to use Tunnels in production you should use a pre-created named tunnel by following: https://developers.cloudflare.com/cloudflare-one/connections/connect-apps
2026-08-06T05:41:46Z INF Requesting new quick Tunnel on trycloudflare.com...
2026-08-06T05:41:56Z INF +--------------------------------------------------------------------------------------------+
2026-08-06T05:41:56Z INF |  Your quick Tunnel has been created! Visit it at (it may take some time to be reachable):  |
2026-08-06T05:41:56Z INF |  https://senate-antonio-carry-any.trycloudflare.com                                        |
2026-08-06T05:41:56Z INF +--------------------------------------------------------------------------------------------+
2026-08-06T05:41:56Z INF Cannot determine default configuration path. No file [config.yml config.yaml] in [~/.cloudflared ~/.cloudflare-warp ~/cloudflare-warp /etc/cloudflared /usr/local/etc/cloudflared]
2026-08-06T05:41:56Z INF Version 2026.7.3 (Checksum f35c50089cd25f77a4cb5a2152036bc26db15aa31fbe11f7995d2e42a4ed6257)
2026-08-06T05:41:56Z INF GOOS: darwin, GOVersion: go1.26.2, GoArch: arm64
2026-08-06T05:41:56Z INF Settings: map[ha-connections:1 logfile:/Users/it/Project_Atlas/logs/tunnel.log loglevel:info no-autoupdate:true protocol:quic url:http://localhost:8501]
2026-08-06T05:41:56Z INF Generated Connector ID: 102423e6-bba6-44f0-8b7f-b1210af56423
2026-08-06T05:41:57Z INF Initial protocol quic
2026-08-06T05:41:57Z INF ICMP proxy will use 192.168.1.41 as source for IPv4
2026-08-06T05:41:57Z INF ICMP proxy will use fe80::c0:a4f3:a03:4dca in zone en1 as source for IPv6
2026-08-06T05:41:57Z INF Created ICMP proxy listening on 192.168.1.41:0
2026-08-06T05:41:57Z INF ICMP proxy will use 192.168.1.41 as source for IPv4
2026-08-06T05:41:57Z INF ICMP proxy will use fe80::c0:a4f3:a03:4dca in zone en1 as source for IPv6
2026-08-06T05:41:57Z INF Starting metrics server on 127.0.0.1:20241/metrics
2026-08-06T05:41:57Z INF Tunnel connection curve preferences: [X25519MLKEM768 CurveID(65074) CurveP256] connIndex=0 event=0 ip=2606:4700:a0::1
2026-08-06T05:41:57Z INF Registered tunnel connection connIndex=0 connection=43403eef-2960-4de7-82be-87585a660bca event=0 ip=2606:4700:a0::1 location=sea10 protocol=quic
2026-08-06T05:41:57Z INF +-------------------------------------------------------------------------------------+
2026-08-06T05:41:57Z INF |                               CONNECTIVITY PRE-CHECKS                               |
2026-08-06T05:41:57Z INF +-------------------------------------------------------------------------------------+
2026-08-06T05:41:57Z INF |  COMPONENT         TARGET                     STATUS  DETAILS                       |
2026-08-06T05:41:57Z INF |  DNS Resolution    region1.v2.argotunnel.com  PASS    DNS Resolved successfully     |
2026-08-06T05:41:57Z INF |  DNS Resolution    region2.v2.argotunnel.com  PASS    DNS Resolved successfully     |
2026-08-06T05:41:57Z INF |  UDP Connectivity  region1.v2.argotunnel.com  PASS    QUIC connection successful    |
2026-08-06T05:41:57Z INF |  UDP Connectivity  region2.v2.argotunnel.com  PASS    QUIC connection successful    |
2026-08-06T05:41:57Z INF |  TCP Connectivity  region1.v2.argotunnel.com  PASS    HTTP/2 connection successful  |
2026-08-06T05:41:57Z INF |  TCP Connectivity  region2.v2.argotunnel.com  PASS    HTTP/2 connection successful  |
2026-08-06T05:41:57Z INF |  Cloudflare API    api.cloudflare.com:443     PASS    API is reachable              |
2026-08-06T05:41:57Z INF |                                                                                     |
2026-08-06T05:41:57Z INF |  SUMMARY: Environment is healthy. cloudflared will use 'quic' as primary protocol.  |
2026-08-06T05:41:57Z INF +-------------------------------------------------------------------------------------+
2026-08-06T05:41:57Z INF precheck component="DNS Resolution" details="DNS Resolved successfully" run_id=c01ad235-d34a-4b67-9860-4d98cfeaf60e status=pass target=region1.v2.argotunnel.com
2026-08-06T05:41:57Z INF precheck component="DNS Resolution" details="DNS Resolved successfully" run_id=c01ad235-d34a-4b67-9860-4d98cfeaf60e status=pass target=region2.v2.argotunnel.com
2026-08-06T05:41:57Z INF precheck component="UDP Connectivity" details="QUIC connection successful" run_id=c01ad235-d34a-4b67-9860-4d98cfeaf60e status=pass target=region1.v2.argotunnel.com
2026-08-06T05:41:57Z INF precheck component="UDP Connectivity" details="QUIC connection successful" run_id=c01ad235-d34a-4b67-9860-4d98cfeaf60e status=pass target=region2.v2.argotunnel.com
2026-08-06T05:41:57Z INF precheck component="TCP Connectivity" details="HTTP/2 connection successful" run_id=c01ad235-d34a-4b67-9860-4d98cfeaf60e status=pass target=region1.v2.argotunnel.com
2026-08-06T05:41:57Z INF precheck component="TCP Connectivity" details="HTTP/2 connection successful" run_id=c01ad235-d34a-4b67-9860-4d98cfeaf60e status=pass target=region2.v2.argotunnel.com
2026-08-06T05:41:57Z INF precheck component="Cloudflare API" details="API is reachable" run_id=c01ad235-d34a-4b67-9860-4d98cfeaf60e status=pass target=api.cloudflare.com:443
2026-08-06T05:41:57Z INF precheck complete hard_fail=false run_id=c01ad235-d34a-4b67-9860-4d98cfeaf60e suggested_protocol=quic
2026-08-06T05:47:21Z ERR failed to accept incoming stream requests error="failed to accept QUIC stream: timeout: no recent network activity" connIndex=0 event=0 ip=2606:4700:a0::1
2026-08-06T05:47:21Z ERR failed to run the datagram handler error="timeout: no recent network activity" connIndex=0 event=0 ip=2606:4700:a0::1
2026-08-06T05:47:21Z ERR failed to serve tunnel connection error="accept stream listener encountered a failure while serving" connIndex=0 event=0 ip=2606:4700:a0::1
2026-08-06T05:47:21Z ERR Serve tunnel error error="accept stream listener encountered a failure while serving" connIndex=0 event=0 ip=2606:4700:a0::1
2026-08-06T05:47:21Z INF Retrying connection in up to 1s connIndex=0 event=0 ip=2606:4700:a0::1
2026-08-06T05:47:22Z INF Tunnel connection curve preferences: [X25519MLKEM768 CurveID(65074) CurveP256] connIndex=0 event=0 ip=2606:4700:a0::1
2026-08-06T05:47:27Z ERR Failed to dial a quic connection error="failed to dial to edge with quic: timeout: no recent network activity" connIndex=0 event=0 ip=2606:4700:a0::1
2026-08-06T05:47:27Z INF Retrying connection in up to 4s connIndex=0 event=0 ip=2606:4700:a0::1
2026-08-06T05:47:28Z INF Tunnel connection curve preferences: [X25519MLKEM768 CurveID(65074) CurveP256] connIndex=0 event=0 ip=2606:4700:a8::8
2026-08-06T05:47:33Z ERR Failed to dial a quic connection error="failed to dial to edge with quic: timeout: no recent network activity" connIndex=0 event=0 ip=2606:4700:a8::8
2026-08-06T05:47:33Z INF Retrying connection in up to 8s connIndex=0 event=0 ip=2606:4700:a8::8
2026-08-06T05:47:36Z INF Tunnel connection curve preferences: [X25519MLKEM768 CurveID(65074) CurveP256] connIndex=0 event=0 ip=198.41.192.57
2026-08-06T05:47:37Z INF Registered tunnel connection connIndex=0 connection=5439e130-3fff-44a4-bb8b-11289f10f357 event=0 ip=198.41.192.57 location=sea10 protocol=quic
2026-08-06T05:57:25Z INF Thank you for trying Cloudflare Tunnel. Doing so, without a Cloudflare account, is a quick way to experiment and try it out. However, be aware that these account-less Tunnels have no uptime guarantee, are subject to the Cloudflare Online Services Terms of Use (https://www.cloudflare.com/website-terms/), and Cloudflare reserves the right to investigate your use of Tunnels for violations of such terms. If you intend to use Tunnels in production you should use a pre-created named tunnel by following: https://developers.cloudflare.com/cloudflare-one/connections/connect-apps
2026-08-06T05:57:25Z INF Requesting new quick Tunnel on trycloudflare.com...
2026-08-06T05:57:27Z INF +--------------------------------------------------------------------------------------------+
2026-08-06T05:57:27Z INF |  Your quick Tunnel has been created! Visit it at (it may take some time to be reachable):  |
2026-08-06T05:57:27Z INF |  https://php-highs-enough-channels.trycloudflare.com                                       |
2026-08-06T05:57:27Z INF +--------------------------------------------------------------------------------------------+
2026-08-06T05:57:27Z INF Cannot determine default configuration path. No file [config.yml config.yaml] in [~/.cloudflared ~/.cloudflare-warp ~/cloudflare-warp /etc/cloudflared /usr/local/etc/cloudflared]
2026-08-06T05:57:27Z INF Version 2026.7.3 (Checksum f35c50089cd25f77a4cb5a2152036bc26db15aa31fbe11f7995d2e42a4ed6257)
2026-08-06T05:57:27Z INF GOOS: darwin, GOVersion: go1.26.2, GoArch: arm64
2026-08-06T05:57:27Z INF Settings: map[ha-connections:1 logfile:/Users/it/Project_Atlas/logs/tunnel.log loglevel:info no-autoupdate:true protocol:quic url:http://localhost:8501]
2026-08-06T05:57:28Z INF Generated Connector ID: 53cfb72f-1baa-48f8-a78a-88d1f588de91
2026-08-06T05:57:28Z INF Initial protocol quic
2026-08-06T05:57:28Z INF ICMP proxy will use 192.168.1.41 as source for IPv4
2026-08-06T05:57:28Z INF ICMP proxy will use fe80::c0:a4f3:a03:4dca in zone en1 as source for IPv6
2026-08-06T05:57:28Z INF Created ICMP proxy listening on 192.168.1.41:0
2026-08-06T05:57:28Z INF ICMP proxy will use 192.168.1.41 as source for IPv4
2026-08-06T05:57:28Z INF ICMP proxy will use fe80::c0:a4f3:a03:4dca in zone en1 as source for IPv6
2026-08-06T05:57:28Z INF Starting metrics server on 127.0.0.1:20242/metrics
2026-08-06T05:57:28Z INF Tunnel connection curve preferences: [X25519MLKEM768 CurveID(65074) CurveP256] connIndex=0 event=0 ip=2606:4700:a8::2
2026-08-06T05:57:28Z INF Registered tunnel connection connIndex=0 connection=d68cf0c0-cc50-4f37-bcd0-95094c7d7ff9 event=0 ip=2606:4700:a8::2 location=sea06 protocol=quic
2026-08-06T05:57:28Z INF +-------------------------------------------------------------------------------------+
2026-08-06T05:57:28Z INF |                               CONNECTIVITY PRE-CHECKS                               |
2026-08-06T05:57:28Z INF +-------------------------------------------------------------------------------------+
2026-08-06T05:57:28Z INF |  COMPONENT         TARGET                     STATUS  DETAILS                       |
2026-08-06T05:57:28Z INF |  DNS Resolution    region1.v2.argotunnel.com  PASS    DNS Resolved successfully     |
2026-08-06T05:57:28Z INF |  DNS Resolution    region2.v2.argotunnel.com  PASS    DNS Resolved successfully     |
2026-08-06T05:57:28Z INF |  UDP Connectivity  region1.v2.argotunnel.com  PASS    QUIC connection successful    |
2026-08-06T05:57:28Z INF |  UDP Connectivity  region2.v2.argotunnel.com  PASS    QUIC connection successful    |
2026-08-06T05:57:28Z INF |  TCP Connectivity  region1.v2.argotunnel.com  PASS    HTTP/2 connection successful  |
2026-08-06T05:57:28Z INF |  TCP Connectivity  region2.v2.argotunnel.com  PASS    HTTP/2 connection successful  |
2026-08-06T05:57:28Z INF |  Cloudflare API    api.cloudflare.com:443     PASS    API is reachable              |
2026-08-06T05:57:28Z INF |                                                                                     |
2026-08-06T05:57:28Z INF |  SUMMARY: Environment is healthy. cloudflared will use 'quic' as primary protocol.  |
2026-08-06T05:57:28Z INF +-------------------------------------------------------------------------------------+
2026-08-06T05:57:28Z INF precheck component="DNS Resolution" details="DNS Resolved successfully" run_id=e7949547-82f9-4b35-bbb3-e9c9ff52fa1b status=pass target=region1.v2.argotunnel.com
2026-08-06T05:57:28Z INF precheck component="DNS Resolution" details="DNS Resolved successfully" run_id=e7949547-82f9-4b35-bbb3-e9c9ff52fa1b status=pass target=region2.v2.argotunnel.com
2026-08-06T05:57:28Z INF precheck component="UDP Connectivity" details="QUIC connection successful" run_id=e7949547-82f9-4b35-bbb3-e9c9ff52fa1b status=pass target=region1.v2.argotunnel.com
2026-08-06T05:57:28Z INF precheck component="UDP Connectivity" details="QUIC connection successful" run_id=e7949547-82f9-4b35-bbb3-e9c9ff52fa1b status=pass target=region2.v2.argotunnel.com
2026-08-06T05:57:28Z INF precheck component="TCP Connectivity" details="HTTP/2 connection successful" run_id=e7949547-82f9-4b35-bbb3-e9c9ff52fa1b status=pass target=region1.v2.argotunnel.com
2026-08-06T05:57:28Z INF precheck component="TCP Connectivity" details="HTTP/2 connection successful" run_id=e7949547-82f9-4b35-bbb3-e9c9ff52fa1b status=pass target=region2.v2.argotunnel.com
2026-08-06T05:57:28Z INF precheck component="Cloudflare API" details="API is reachable" run_id=e7949547-82f9-4b35-bbb3-e9c9ff52fa1b status=pass target=api.cloudflare.com:443
2026-08-06T05:57:28Z INF precheck complete hard_fail=false run_id=e7949547-82f9-4b35-bbb3-e9c9ff52fa1b suggested_protocol=quic
